qt.multimedia.symbolsresolver: Couldn't load pipewire-0.3 library
qt.multimedia.symbolsresolver: Couldn't resolve pipewire-0.3 symbols
This plugin does not support createPlatformVulkanInstance
QVulkanInstance: Failed to initialize Vulkan
embedded Vulkan adapter=llvmpipe (LLVM 20.1.2, 256 bits) vendor=0x10005 device=0x0 driver=104865800 api=1.4.318
candidate Vulkan device llvmpipe (LLVM 20.1.2, 256 bits) (index 0, score -5300) rejected: Vulkan is unavailable: cannot isolate the Qt graphics queue from native compute, copy and video decode queues
embedded Vulkan unavailable: Vulkan is unavailable: cannot isolate the Qt graphics queue from native compute, copy and video decode queues
2026-10-04T15:33:51.135 warning default: Embedded Vulkan Video is unavailable: Native Vulkan Video device creation failed (status 7). Qt will use its default graphics device.
[CUDA @ 0x7f597904d580] Cannot load libcuda.so.1
[CUDA @ 0x7f597904d580] Could not dynamically load CUDA
[CUDA @ 0x7f5978010700] Cannot load libcuda.so.1
[CUDA @ 0x7f5978010700] Could not dynamically load CUDA
[CUDA @ 0x7f5978032d80] Cannot load libcuda.so.1
[CUDA @ 0x7f5978032d80] Could not dynamically load CUDA
qrc:/acceptance/StreamStatsAcceptance.qml:7: Error: Stream stats: Ping compact value
2026-10-04T15:33:51.498 warning default: qrc:/acceptance/StreamStatsAcceptance.qml:7: Error: Stream stats: Ping compact value
qrc:/qt/qml/OpenNOW/qml/desktop/stream/DesktopStreamStats.qml:280: TypeError: Cannot read property 'verticalCenter' of null
2026-10-04T15:33:51.502 warning default: qrc:/qt/qml/OpenNOW/qml/desktop/stream/DesktopStreamStats.qml:280: TypeError: Cannot read property 'verticalCenter' of null
qrc:/qt/qml/OpenNOW/qml/desktop/stream/DesktopStreamStats.qml:280: TypeError: Cannot read property 'verticalCenter' of null
2026-10-04T15:33:51.502 warning default: qrc:/qt/qml/OpenNOW/qml/desktop/stream/DesktopStreamStats.qml:280: TypeError: Cannot read property 'verticalCenter' of null
qrc:/qt/qml/OpenNOW/qml/desktop/stream/DesktopStreamStats.qml:280: TypeError: Cannot read property 'verticalCenter' of null
2026-10-04T15:33:51.503 warning default: qrc:/qt/qml/OpenNOW/qml/desktop/stream/DesktopStreamStats.qml:280: TypeError: Cannot read property 'verticalCenter' of null
qrc:/qt/qml/OpenNOW/qml/desktop/stream/DesktopStreamStats.qml:280: TypeError: Cannot read property 'verticalCenter' of null
2026-10-04T15:33:51.503 warning default: qrc:/qt/qml/OpenNOW/qml/desktop/stream/DesktopStreamStats.qml:280: TypeError: Cannot read property 'verticalCenter' of null
qrc:/qt/qml/OpenNOW/qml/desktop/stream/DesktopStreamStats.qml:280: TypeError: Cannot read property 'verticalCenter' of null
2026-10-04T15:33:51.503 warning default: qrc:/qt/qml/OpenNOW/qml/desktop/stream/DesktopStreamStats.qml:280: TypeError: Cannot read property 'verticalCenter' of null
exit status 1
